00:12:44 **** Incremental Build of configuration Debug for project NumPad ****
make -j8 all 
arm-none-eabi-gcc "../Core/Src/main.c" -mcpu=cortex-m4 -std=gnu11 -g3 -DDEBUG -DUSE_HAL_DRIVER -DSTM32F446xx -c -I../Core/Inc -I../Drivers/STM32F4xx_HAL_Driver/Inc -I../Drivers/STM32F4xx_HAL_Driver/Inc/Legacy -I../Drivers/CMSIS/Device/ST/STM32F4xx/Include -I../Drivers/CMSIS/Include -O0 -ffunction-sections -fdata-sections -Wall -fstack-usage -fcyclomatic-complexity -MMD -MP -MF"Core/Src/main.d" -MT"Core/Src/main.o" --specs=nano.specs -mfpu=fpv4-sp-d16 -mfloat-abi=hard -mthumb -o "Core/Src/main.o"
arm-none-eabi-gcc -o "NumPad.elf" @"objects.list"   -mcpu=cortex-m4 -T"/home/anton/STM32CubeIDE/FYP/NumPad/STM32F446RETX_FLASH.ld" --specs=nosys.specs -Wl,-Map="NumPad.map" -Wl,--gc-sections -static --specs=nano.specs -mfpu=fpv4-sp-d16 -mfloat-abi=hard -mthumb -Wl,--start-group -lc -lm -Wl,--end-group
Finished building target: NumPad.elf
 
arm-none-eabi-size  NumPad.elf 
arm-none-eabi-objdump -h -S NumPad.elf  > "NumPad.list"
   text	   data	    bss	    dec	    hex	filename
    884	      4	   1572	   2460	    99c	NumPad.elf
Finished building: default.size.stdout
 
Finished building: NumPad.list
 

00:12:44 Build Finished. 0 errors, 0 warnings. (took 212ms)

