2026-07-10 18:00:28,863 [INFO] Activator:176 - 


2026-07-10 18:00:28,864 [INFO] Activator:177 - !SESSION log4j initialized
2026-07-10 18:00:30,263 [INFO] LogOutputStream:77 - [STDOUT_REDIRECT] 
2026-07-10 18:00:31,373 [INFO] ApplicationProperties:184 - Using Application install path: /opt/st/stm32cubeide_1.19.0/plugins/com.st.stm32cube.common.mx_6.15.0.202507011659
2026-07-10 18:00:31,381 [INFO] DbMcusXml:78 - Set database path to: /opt/st/stm32cubeide_1.19.0/plugins/com.st.stm32cube.common.mx_6.15.0.202507011659//db//mcu/
2026-07-10 18:00:31,381 [INFO] ApiDb:274 - Set plugin database path to: /opt/st/stm32cubeide_1.19.0/plugins/com.st.stm32cube.common.mx_6.15.0.202507011659//db//plugins/boardmanager/
2026-07-10 18:00:31,382 [WARN] ApiDb:259 - Overriding images path with different value:  => /opt/st/stm32cubeide_1.19.0/plugins/com.st.stm32cube.common.mx_6.15.0.202507011659//db//plugins/mcufinder/images/
2026-07-10 18:00:31,383 [INFO] ApiDb:250 - Set database path to: /home/anton/.stmcufinder/plugins/mcufinder//mcu/
2026-07-10 18:00:31,384 [INFO] DbMcusAds:125 - Set database path to: /home/anton/.stmcufinder/plugins/mcufinder//mcu/
2026-07-10 18:00:31,385 [INFO] CrossReferenceDbSqlite:203 - Set database path to: /home/anton/.stmcufinder/plugins/mcufinder//mcu/cs/
2026-07-10 18:00:31,450 [INFO] RulesReader:64 - Compatibility file has been processed (317 Rules)
2026-07-10 18:00:31,479 [INFO] DbMcusXml:78 - Set database path to: /opt/st/stm32cubeide_1.19.0/plugins/com.st.stm32cube.common.mx_6.15.0.202507011659//db//mcu/
2026-07-10 18:00:31,479 [INFO] ApiDb:274 - Set plugin database path to: /opt/st/stm32cubeide_1.19.0/plugins/com.st.stm32cube.common.mx_6.15.0.202507011659//db//plugins/boardmanager/
2026-07-10 18:00:31,479 [INFO] ApiDb:261 - Set plugin images path to: /opt/st/stm32cubeide_1.19.0/plugins/com.st.stm32cube.common.mx_6.15.0.202507011659//db//plugins/mcufinder/images/
2026-07-10 18:00:31,479 [WARN] DbFile:41 - Overriding database path with different value: /home/anton/.stmcufinder/plugins/mcufinder/ => /home/anton/.stmcufinder/plugins/mcufinder
2026-07-10 18:00:31,479 [INFO] ApiDb:250 - Set database path to: /home/anton/.stmcufinder/plugins/mcufinder//mcu/
2026-07-10 18:00:31,480 [WARN] DbFile:41 - Overriding database path with different value: /home/anton/.stmcufinder/plugins/mcufinder/ => /home/anton/.stmcufinder/plugins/mcufinder
2026-07-10 18:00:31,480 [INFO] DbMcusAds:125 - Set database path to: /home/anton/.stmcufinder/plugins/mcufinder//mcu/
2026-07-10 18:00:31,480 [WARN] DbFile:41 - Overriding database path with different value: /home/anton/.stmcufinder/plugins/mcufinder/ => /home/anton/.stmcufinder/plugins/mcufinder
2026-07-10 18:00:31,480 [WARN] DbFile:41 - Overriding database path with different value: /home/anton/.stmcufinder/plugins/mcufinder/ => /home/anton/.stmcufinder/plugins/mcufinder
2026-07-10 18:00:31,480 [INFO] CrossReferenceDbSqlite:203 - Set database path to: /home/anton/.stmcufinder/plugins/mcufinder//mcu/cs/
2026-07-10 18:00:31,511 [INFO] MainPanel:274 - HeapMemory: 268435456
2026-07-10 18:00:31,566 [INFO] DbMcusXml:78 - Set database path to: /opt/st/stm32cubeide_1.19.0/plugins/com.st.stm32cube.common.mx_6.15.0.202507011659//db//mcu/
2026-07-10 18:00:31,566 [INFO] ApiDb:274 - Set plugin database path to: /opt/st/stm32cubeide_1.19.0/plugins/com.st.stm32cube.common.mx_6.15.0.202507011659//db//plugins/boardmanager/
2026-07-10 18:00:31,567 [INFO] ApiDb:261 - Set plugin images path to: /opt/st/stm32cubeide_1.19.0/plugins/com.st.stm32cube.common.mx_6.15.0.202507011659//db//plugins/mcufinder/images/
2026-07-10 18:00:31,567 [WARN] DbFile:41 - Overriding database path with different value: /home/anton/.stmcufinder/plugins/mcufinder/ => /home/anton/.stmcufinder/plugins/mcufinder
2026-07-10 18:00:31,567 [INFO] ApiDb:250 - Set database path to: /home/anton/.stmcufinder/plugins/mcufinder//mcu/
2026-07-10 18:00:31,567 [WARN] DbFile:41 - Overriding database path with different value: /home/anton/.stmcufinder/plugins/mcufinder/ => /home/anton/.stmcufinder/plugins/mcufinder
2026-07-10 18:00:31,567 [INFO] DbMcusAds:125 - Set database path to: /home/anton/.stmcufinder/plugins/mcufinder//mcu/
2026-07-10 18:00:31,567 [WARN] DbFile:41 - Overriding database path with different value: /home/anton/.stmcufinder/plugins/mcufinder/ => /home/anton/.stmcufinder/plugins/mcufinder
2026-07-10 18:00:31,567 [WARN] DbFile:41 - Overriding database path with different value: /home/anton/.stmcufinder/plugins/mcufinder/ => /home/anton/.stmcufinder/plugins/mcufinder
2026-07-10 18:00:31,567 [INFO] CrossReferenceDbSqlite:203 - Set database path to: /home/anton/.stmcufinder/plugins/mcufinder//mcu/cs/
2026-07-10 18:00:31,575 [INFO] ApplicationProperties:184 - Using Application install path: /opt/st/stm32cubeide_1.19.0/plugins/com.st.stm32cube.common.mx_6.15.0.202507011659
2026-07-10 18:00:31,576 [INFO] PluginManage:196 - Search for loadable plugins [exclusion list=, ]
2026-07-10 18:00:31,576 [INFO] PluginManage:310 - Check plugin analytics
2026-07-10 18:00:31,667 [INFO] AnalyticsPlugin:253 - Accepted Software Licenses: STM32CubeMX.6.16.0
2026-07-10 18:00:31,667 [INFO] AnalyticsPlugin:255 - Accepted CMSIS Pack Licenses: 
2026-07-10 18:00:31,667 [INFO] AnalyticsPlugin:257 - Accepted Firmware Licenses: 
2026-07-10 18:00:31,668 [INFO] PluginManage:359 - Loaded plugin analytics (category:tool,tabindex:-1)
2026-07-10 18:00:31,668 [INFO] PluginManage:310 - Check plugin cadmodel
2026-07-10 18:00:31,670 [INFO] CADModel:105 - Init CAD model plugin
2026-07-10 18:00:31,671 [INFO] PluginManage:359 - Loaded plugin cadmodel (category:power,tabindex:5)
2026-07-10 18:00:31,671 [INFO] PluginManage:310 - Check plugin clock
2026-07-10 18:00:31,675 [INFO] PluginManage:359 - Loaded plugin clock (category:base,tabindex:2)
2026-07-10 18:00:31,675 [INFO] PluginManage:310 - Check plugin ddr
2026-07-10 18:00:31,676 [INFO] PluginManage:359 - Loaded plugin ddr (category:tool,tabindex:6)
2026-07-10 18:00:31,676 [INFO] PluginManage:310 - Check plugin filemanager
2026-07-10 18:00:31,753 [INFO] PluginManage:359 - Loaded plugin filemanager (category:base,tabindex:10)
2026-07-10 18:00:31,753 [INFO] PluginManage:310 - Check plugin ipmanager
2026-07-10 18:00:31,756 [INFO] PluginManage:359 - Loaded plugin ipmanager (category:base,tabindex:5)
2026-07-10 18:00:31,756 [INFO] PluginManage:310 - Check plugin lpbam
2026-07-10 18:00:31,761 [INFO] PluginManage:359 - Loaded plugin lpbam (category:base,tabindex:0)
2026-07-10 18:00:31,761 [INFO] PluginManage:310 - Check plugin memorymap
2026-07-10 18:00:31,767 [INFO] PluginManage:359 - Loaded plugin memorymap (category:base,tabindex:4)
2026-07-10 18:00:31,768 [INFO] PluginManage:310 - Check plugin pinoutandconfiguration
2026-07-10 18:00:31,772 [INFO] PluginManage:359 - Loaded plugin pinoutandconfiguration (category:base,tabindex:1)
2026-07-10 18:00:31,772 [INFO] PluginManage:310 - Check plugin pinoutconfig
2026-07-10 18:00:31,864 [WARN] SupportedApi:132 - Cannot load RTOS API schema: s4s-elt-must-match.1: The content of 'definitions' must match (annotation?, (simpleType | complexType)?, (unique | key | keyref)*)). A problem was found starting at: attribute.
2026-07-10 18:00:31,948 [INFO] PluginManage:359 - Loaded plugin pinoutconfig (category:base,tabindex:0)
2026-07-10 18:00:31,948 [INFO] PluginManage:310 - Check plugin power
2026-07-10 18:00:31,953 [INFO] PluginManage:359 - Loaded plugin power (category:power,tabindex:4)
2026-07-10 18:00:31,953 [INFO] PluginManage:310 - Check plugin projectmanager
2026-07-10 18:00:31,961 [INFO] PluginManage:359 - Loaded plugin projectmanager (category:projectmanager,tabindex:4)
2026-07-10 18:00:31,961 [INFO] PluginManage:310 - Check plugin rif
2026-07-10 18:00:31,965 [INFO] PluginManage:359 - Loaded plugin rif (category:base,tabindex:3)
2026-07-10 18:00:31,966 [INFO] PluginManage:310 - Check plugin thirdparty
2026-07-10 18:00:32,031 [INFO] PluginManage:359 - Loaded plugin thirdparty (category:base,tabindex:-1)
2026-07-10 18:00:32,031 [WARN] IntegrityCheckThread:84 - waiting for thirdparty lock release [integrity check]
2026-07-10 18:00:32,031 [INFO] PluginManage:310 - Check plugin tools
2026-07-10 18:00:32,031 [INFO] IntegrityCheckThread:86 - entering critical section [integrity check]
2026-07-10 18:00:32,031 [INFO] ThirdPartyUpdaterWithRetryManager:70 - Updater plugin not ready yet. [1/15]
2026-07-10 18:00:32,032 [INFO] PluginManage:359 - Loaded plugin tools (category:base,tabindex:7)
2026-07-10 18:00:32,032 [INFO] PluginManage:310 - Check plugin tutovideos
2026-07-10 18:00:32,136 [INFO] PluginManage:359 - Loaded plugin tutovideos (category:base,tabindex:-1)
2026-07-10 18:00:32,136 [INFO] PluginManage:310 - Check plugin updater
2026-07-10 18:00:32,152 [INFO] PluginManage:359 - Loaded plugin updater (category:base,tabindex:12)
2026-07-10 18:00:32,152 [INFO] PluginManage:310 - Check plugin userauth
2026-07-10 18:00:32,155 [INFO] UserAuth:118 - Init User Auth plugin
2026-07-10 18:00:32,156 [INFO] PluginManage:359 - Loaded plugin userauth (category:base,tabindex:14)
2026-07-10 18:00:32,157 [INFO] PluginManage:283 - PluginManage : Loaded plugins [18]
2026-07-10 18:00:32,267 [INFO] PinOutPanel:1589 - setPackage(No Configuration,No Configuration)
2026-07-10 18:00:32,307 [INFO] CADModel:165 - CPN selected for project level
2026-07-10 18:00:32,307 [INFO] CADModel:114 - Register for checkConnection events
2026-07-10 18:00:32,312 [INFO] IPUIPlugin:80 - create IPUIPlugin
2026-07-10 18:00:32,313 [INFO] PluginManager:220 - loadIPPluginJar : add i2s
2026-07-10 18:00:32,315 [INFO] IPUIPlugin:80 - create IPUIPlugin
2026-07-10 18:00:32,315 [INFO] PluginManager:220 - loadIPPluginJar : add dma
2026-07-10 18:00:32,316 [INFO] IPUIPlugin:80 - create IPUIPlugin
2026-07-10 18:00:32,316 [INFO] PluginManager:220 - loadIPPluginJar : add tim
2026-07-10 18:00:32,317 [INFO] IPUIPlugin:80 - create IPUIPlugin
2026-07-10 18:00:32,317 [INFO] PluginManager:220 - loadIPPluginJar : add ltdc
2026-07-10 18:00:32,317 [INFO] IPUIPlugin:80 - create IPUIPlugin
2026-07-10 18:00:32,317 [INFO] PluginManager:220 - loadIPPluginJar : add quadspi
2026-07-10 18:00:32,321 [INFO] IPUIPlugin:80 - create IPUIPlugin
2026-07-10 18:00:32,321 [INFO] PluginManager:220 - loadIPPluginJar : add stm32_wpan
2026-07-10 18:00:32,321 [INFO] IPUIPlugin:80 - create IPUIPlugin
2026-07-10 18:00:32,322 [INFO] PluginManager:220 - loadIPPluginJar : add ddr_ctrl_phy
2026-07-10 18:00:32,322 [INFO] IPUIPlugin:80 - create IPUIPlugin
2026-07-10 18:00:32,322 [INFO] PluginManager:220 - loadIPPluginJar : add can
2026-07-10 18:00:32,324 [INFO] IPUIPlugin:80 - create IPUIPlugin
2026-07-10 18:00:32,324 [INFO] PluginManager:220 - loadIPPluginJar : add gic
2026-07-10 18:00:32,325 [INFO] IPUIPlugin:80 - create IPUIPlugin
2026-07-10 18:00:32,325 [INFO] PluginManager:220 - loadIPPluginJar : add spi
2026-07-10 18:00:32,326 [INFO] IPUIPlugin:80 - create IPUIPlugin
2026-07-10 18:00:32,326 [INFO] PluginManager:220 - loadIPPluginJar : add openamp
2026-07-10 18:00:32,327 [INFO] IPUIPlugin:80 - create IPUIPlugin
2026-07-10 18:00:32,327 [INFO] PluginManager:220 - loadIPPluginJar : add aes
2026-07-10 18:00:32,328 [INFO] IPUIPlugin:80 - create IPUIPlugin
2026-07-10 18:00:32,328 [INFO] PluginManager:220 - loadIPPluginJar : add gtzc
2026-07-10 18:00:32,331 [INFO] IPUIPlugin:80 - create IPUIPlugin
2026-07-10 18:00:32,331 [INFO] PluginManager:220 - loadIPPluginJar : add linkedlist
2026-07-10 18:00:32,331 [INFO] IPUIPlugin:80 - create IPUIPlugin
2026-07-10 18:00:32,331 [INFO] PluginManager:220 - loadIPPluginJar : add fatfs
2026-07-10 18:00:32,332 [INFO] IPUIPlugin:80 - create IPUIPlugin
2026-07-10 18:00:32,332 [INFO] PluginManager:220 - loadIPPluginJar : add dma3
2026-07-10 18:00:32,335 [INFO] IPUIPlugin:80 - create IPUIPlugin
2026-07-10 18:00:32,336 [INFO] PluginManager:220 - loadIPPluginJar : add mdma
2026-07-10 18:00:32,337 [INFO] IPUIPlugin:80 - create IPUIPlugin
2026-07-10 18:00:32,337 [INFO] PluginManager:220 - loadIPPluginJar : add resmgrutility
2026-07-10 18:00:32,338 [INFO] IPUIPlugin:80 - create IPUIPlugin
2026-07-10 18:00:32,338 [INFO] PluginManager:220 - loadIPPluginJar : add genericplugin
2026-07-10 18:00:32,339 [INFO] IPUIPlugin:80 - create IPUIPlugin
2026-07-10 18:00:32,339 [INFO] PluginManager:220 - loadIPPluginJar : add hash
2026-07-10 18:00:32,340 [INFO] IPUIPlugin:80 - create IPUIPlugin
2026-07-10 18:00:32,340 [INFO] PluginManager:220 - loadIPPluginJar : add lorawan
2026-07-10 18:00:32,340 [INFO] IPUIPlugin:80 - create IPUIPlugin
2026-07-10 18:00:32,340 [INFO] PluginManager:220 - loadIPPluginJar : add tracer_emb
2026-07-10 18:00:32,341 [INFO] IPUIPlugin:80 - create IPUIPlugin
2026-07-10 18:00:32,341 [INFO] PluginManager:220 - loadIPPluginJar : add extmemmanager
2026-07-10 18:00:32,342 [INFO] IPUIPlugin:80 - create IPUIPlugin
2026-07-10 18:00:32,342 [INFO] PluginManager:220 - loadIPPluginJar : add nvic
2026-07-10 18:00:32,344 [INFO] IPUIPlugin:80 - create IPUIPlugin
2026-07-10 18:00:32,344 [INFO] PluginManager:220 - loadIPPluginJar : add fmc
2026-07-10 18:00:32,346 [INFO] IPUIPlugin:80 - create IPUIPlugin
2026-07-10 18:00:32,346 [INFO] PluginManager:220 - loadIPPluginJar : add ipddr
2026-07-10 18:00:32,348 [INFO] IPUIPlugin:80 - create IPUIPlugin
2026-07-10 18:00:32,349 [INFO] PluginManager:220 - loadIPPluginJar : add gpio
2026-07-10 18:00:32,350 [INFO] IPUIPlugin:80 - create IPUIPlugin
2026-07-10 18:00:32,350 [INFO] PluginManager:220 - loadIPPluginJar : add ts
2026-07-10 18:00:32,353 [INFO] IPUIPlugin:80 - create IPUIPlugin
2026-07-10 18:00:32,353 [INFO] PluginManager:220 - loadIPPluginJar : add freertos
2026-07-10 18:00:32,354 [INFO] IPUIPlugin:80 - create IPUIPlugin
2026-07-10 18:00:32,355 [INFO] PluginManager:220 - loadIPPluginJar : add radio
2026-07-10 18:00:32,355 [INFO] IPUIPlugin:80 - create IPUIPlugin
2026-07-10 18:00:32,356 [INFO] PluginManager:220 - loadIPPluginJar : add gfxmmu
2026-07-10 18:00:32,356 [INFO] IPUIPlugin:80 - create IPUIPlugin
2026-07-10 18:00:32,356 [INFO] PluginManager:220 - loadIPPluginJar : add dfsdm
2026-07-10 18:00:32,358 [INFO] IPUIPlugin:80 - create IPUIPlugin
2026-07-10 18:00:32,358 [INFO] PluginManager:220 - loadIPPluginJar : add opamp
2026-07-10 18:00:32,358 [INFO] IPUIPlugin:80 - create IPUIPlugin
2026-07-10 18:00:32,358 [INFO] PluginManager:220 - loadIPPluginJar : add tsc
2026-07-10 18:00:32,359 [INFO] IPUIPlugin:80 - create IPUIPlugin
2026-07-10 18:00:32,359 [INFO] PluginManager:220 - loadIPPluginJar : add i3c
2026-07-10 18:00:32,360 [INFO] IPUIPlugin:80 - create IPUIPlugin
2026-07-10 18:00:32,361 [INFO] PluginManager:220 - loadIPPluginJar : add sai
2026-07-10 18:00:32,362 [INFO] IPUIPlugin:80 - create IPUIPlugin
2026-07-10 18:00:32,362 [INFO] PluginManager:220 - loadIPPluginJar : add touchsensing
2026-07-10 18:00:32,363 [INFO] IPUIPlugin:80 - create IPUIPlugin
2026-07-10 18:00:32,363 [INFO] PluginManager:220 - loadIPPluginJar : add cryp
2026-07-10 18:00:32,364 [INFO] IPUIPlugin:80 - create IPUIPlugin
2026-07-10 18:00:32,364 [INFO] PluginManager:220 - loadIPPluginJar : add pdm2pcm
2026-07-10 18:00:32,365 [INFO] IPUIPlugin:80 - create IPUIPlugin
2026-07-10 18:00:32,365 [INFO] PluginManager:220 - loadIPPluginJar : add comp
2026-07-10 18:00:32,366 [INFO] IPUIPlugin:80 - create IPUIPlugin
2026-07-10 18:00:32,366 [INFO] PluginManager:220 - loadIPPluginJar : add usart
2026-07-10 18:00:32,366 [INFO] IPUIPlugin:80 - create IPUIPlugin
2026-07-10 18:00:32,366 [INFO] PluginManager:220 - loadIPPluginJar : add ucpd
2026-07-10 18:00:32,367 [INFO] IPUIPlugin:80 - create IPUIPlugin
2026-07-10 18:00:32,367 [INFO] PluginManager:220 - loadIPPluginJar : add i2c
2026-07-10 18:00:32,368 [INFO] IPUIPlugin:80 - create IPUIPlugin
2026-07-10 18:00:32,368 [INFO] PluginManager:220 - loadIPPluginJar : add usbx
2026-07-10 18:00:32,371 [INFO] IPUIPlugin:80 - create IPUIPlugin
2026-07-10 18:00:32,371 [INFO] PluginManager:220 - loadIPPluginJar : add adc
2026-07-10 18:00:32,374 [INFO] IPUIPlugin:80 - create IPUIPlugin
2026-07-10 18:00:32,376 [INFO] PluginManager:220 - loadIPPluginJar : add plateformsettings
2026-07-10 18:00:32,463 [FATAL] Updater:351 - Updater called before beeing initialized
2026-07-10 18:00:32,478 [INFO] RulesReader:64 - Compatibility file has been processed (317 Rules)
2026-07-10 18:00:32,486 [INFO] RulesReader:64 - Compatibility file has been processed (317 Rules)
2026-07-10 18:00:32,490 [INFO] CADModel:165 - CPN selected for project level
2026-07-10 18:00:32,490 [INFO] CADModel:114 - Register for checkConnection events
2026-07-10 18:00:32,490 [FATAL] Updater:351 - Updater called before beeing initialized
2026-07-10 18:00:32,490 [ERROR] CADModel:125 - Updater not yet initialized, retry later 
2026-07-10 18:00:32,557 [FATAL] Updater:351 - Updater called before beeing initialized
2026-07-10 18:00:32,558 [INFO] CADModel:165 - CPN selected for project level
2026-07-10 18:00:32,558 [INFO] CADModel:114 - Register for checkConnection events
2026-07-10 18:00:32,558 [FATAL] Updater:351 - Updater called before beeing initialized
2026-07-10 18:00:32,558 [ERROR] CADModel:125 - Updater not yet initialized, retry later 
2026-07-10 18:00:32,560 [FATAL] Updater:351 - Updater called before beeing initialized
2026-07-10 18:00:32,611 [FATAL] Updater:351 - Updater called before beeing initialized
2026-07-10 18:00:32,613 [INFO] DbMcusAds:53 - JSON generation date=Thu May 28 21:38:16 IST 2026 (1779984496462)
2026-07-10 18:00:32,613 [FATAL] Updater:351 - Updater called before beeing initialized
2026-07-10 18:00:32,634 [WARN] DetailPanel:346 - Failed to get advertising image, set to default
2026-07-10 18:00:32,679 [FATAL] Updater:351 - Updater called before beeing initialized
2026-07-10 18:00:32,680 [FATAL] Updater:351 - Updater called before beeing initialized
2026-07-10 18:00:32,680 [FATAL] Updater:351 - Updater called before beeing initialized
2026-07-10 18:00:32,680 [WARN] DetailPanel:346 - Failed to get advertising image, set to default
2026-07-10 18:00:32,681 [FATAL] Updater:351 - Updater called before beeing initialized
2026-07-10 18:00:32,697 [ERROR] Updater:1198 - MainUpdater not yet initialized. External WinMGr cannot be set.
2026-07-10 18:00:32,698 [INFO] Updater:1134 - Updater Version found : 6.15.0
2026-07-10 18:00:32,706 [INFO] ApplicationProperties:184 - Using Application install path: /opt/st/stm32cubeide_1.19.0/plugins/com.st.stm32cube.common.mx_6.15.0.202507011659
2026-07-10 18:00:33,003 [INFO] MainUpdater:2872 - connection check result : 10
2026-07-10 18:00:33,004 [INFO] MainUpdater:289 - Updater Check For Update Now.
2026-07-10 18:00:33,004 [INFO] MicroXplorer:498 - Change Database Version : DB.6.0.150
2026-07-10 18:00:33,006 [INFO] McuFinderGlobals:63 - Set McuFinder mode to 2 (CubeIDE integrated)
2026-07-10 18:00:33,006 [INFO] UserAuth:171 - activating auth plugin
2026-07-10 18:00:33,007 [INFO] UserAuth:487 - Internet connection configuration mode: 1
2026-07-10 18:00:33,018 [INFO] JxBrowserEngine:152 - Initiate JxBrowser Engine with user profile folder
2026-07-10 18:00:33,167 [INFO] CheckServerUpdateThread:120 - End of CheckServer Thread
2026-07-10 18:00:33,383 [INFO] WebApp:169 - Instantiating new browser for Auth
2026-07-10 18:00:33,712 [INFO] WebApp:463 - Apply proxy settings
2026-07-10 18:00:33,713 [INFO] WebApp:548 - Chromium requires no authentication
2026-07-10 18:00:33,717 [INFO] WebApp:491 - Direct internet connection detected
2026-07-10 18:00:33,727 [INFO] WebApp:900 - Register for checkConnection events
2026-07-10 18:00:33,727 [INFO] WebApp:463 - Apply proxy settings
2026-07-10 18:00:33,727 [INFO] WebApp:548 - Chromium requires no authentication
2026-07-10 18:00:33,727 [INFO] WebApp:491 - Direct internet connection detected
2026-07-10 18:00:33,797 [INFO] WebApp:225 - Starting web application
2026-07-10 18:00:33,797 [INFO] WebApp:593 - Web application path used /opt/st/stm32cubeide_1.19.0/plugins/com.st.stm32cube.common.mx_6.15.0.202507011659/db/plugins/mcufinder/reactClient1/index.html
2026-07-10 18:00:34,208 [INFO] WebApp:191 - Connection restablished
2026-07-10 18:00:35,125 [WARN] PackLoader:240 - Cannot read IP mode file for STMicroelectronics.X-CUBE-AZRTOS-H7.3.5.0
2026-07-10 18:00:35,135 [WARN] PackLoader:240 - Cannot read IP mode file for STMicroelectronics.FP-ATR-ASTRA1.2.0.2
2026-07-10 18:00:35,139 [ERROR] Engine:466 - /home/anton/.stm32cubemx/thirdparties/pdsc/STMicroelectronics.X-CUBE-SMBUS.2.1.1.pdsc: PDSC version is not supported
2026-07-10 18:00:35,157 [WARN] PackLoader:240 - Cannot read IP mode file for STMicroelectronics.X-CUBE-AZRTOS-F7.1.1.0
2026-07-10 18:00:35,172 [WARN] PackLoader:240 - Cannot read IP mode file for STMicroelectronics.X-CUBE-FREERTOS.1.6.0
2026-07-10 18:00:35,176 [WARN] PackLoader:240 - Cannot read IP mode file for STMicroelectronics.FP-SNS-MOTENV1.5.1.0
2026-07-10 18:00:35,211 [WARN] PackLoader:240 - Cannot read IP mode file for STMicroelectronics.X-CUBE-AZRTOS-H7RS.1.3.0
2026-07-10 18:00:35,221 [WARN] PackLoader:240 - Cannot read IP mode file for WES.I-CUBE-Cesium.1.4.0
2026-07-10 18:00:35,226 [WARN] PackLoader:240 - Cannot read IP mode file for STMicroelectronics.X-CUBE-DISPLAY.3.0.0
2026-07-10 18:00:35,236 [WARN] PackLoader:240 - Cannot read IP mode file for STMicroelectronics.X-CUBE-GNSS1.7.1.1
2026-07-10 18:00:35,240 [WARN] PackLoader:240 - Cannot read IP mode file for STMicroelectronics.FP-SNS-MOTENVWB1.1.5.0
2026-07-10 18:00:35,243 [WARN] PackLoader:240 - Cannot read IP mode file for wolfSSL.I-CUBE-wolfSSL.5.9.1
2026-07-10 18:00:35,246 [WARN] PackLoader:240 - Cannot read IP mode file for STMicroelectronics.X-CUBE-NFC10.1.0.0
2026-07-10 18:00:35,250 [WARN] PackLoader:240 - Cannot read IP mode file for STMicroelectronics.X-CUBE-ST60.1.1.0
2026-07-10 18:00:35,254 [WARN] PackLoader:240 - Cannot read IP mode file for emotas.I-CUBE-CANOPEN.1.3.0
2026-07-10 18:00:35,256 [ERROR] Engine:466 - /home/anton/.stm32cubemx/thirdparties/pdsc/STMicroelectronics.X-CUBE-WBA.1.1.0.pdsc: PDSC version is not supported
2026-07-10 18:00:35,260 [WARN] PackLoader:240 - Cannot read IP mode file for STMicroelectronics.FP-SNS-STBOX1.2.1.0
2026-07-10 18:00:35,263 [WARN] PackLoader:240 - Cannot read IP mode file for STMicroelectronics.FP-SNS-SMARTAG2.1.2.0
2026-07-10 18:00:35,264 [WARN] PackLoader:240 - Cannot read IP mode file for STMicroelectronics.FP-SNS-FLIGHT1.5.1.0
2026-07-10 18:00:35,269 [INFO] LogOutputStream:77 - [STDOUT_REDIRECT] 1 : Invalid condition id : UX_CORESTACK_Condition cause : null
2026-07-10 18:00:35,270 [INFO] LogOutputStream:77 - [STDOUT_REDIRECT] 1 : Invalid condition id : UX_CORESTACK_Condition cause : null
2026-07-10 18:00:35,270 [INFO] LogOutputStream:77 - [STDOUT_REDIRECT] 1 : Invalid condition id : UX_CORESTACK_Condition cause : null
2026-07-10 18:00:35,270 [INFO] LogOutputStream:77 - [STDOUT_REDIRECT] 1 : Invalid condition id : UX_CORESTACK_Condition cause : null
2026-07-10 18:00:35,270 [INFO] LogOutputStream:77 - [STDOUT_REDIRECT] 1 : Invalid condition id : UX_CORESTACK_Condition cause : null
2026-07-10 18:00:35,272 [WARN] PackLoader:240 - Cannot read IP mode file for STMicroelectronics.X-CUBE-AZRTOS-WL.2.0.0
2026-07-10 18:00:35,275 [WARN] PackLoader:240 - Cannot read IP mode file for STMicroelectronics.X-CUBE-BLE2.3.3.0
2026-07-10 18:00:35,294 [WARN] PackLoader:240 - Cannot read IP mode file for Infineon.AIROC-Wi-Fi-Bluetooth-STM32.1.8.0
2026-07-10 18:00:35,301 [WARN] PackLoader:240 - Cannot read IP mode file for STMicroelectronics.X-CUBE-NFC9.1.0.0
2026-07-10 18:00:35,304 [WARN] PackLoader:240 - Cannot read IP mode file for STMicroelectronics.X-CUBE-BLE1.7.1.0
2026-07-10 18:00:35,306 [WARN] PackLoader:240 - Cannot read IP mode file for wolfSSL.I-CUBE-wolfMQTT.1.19.2
2026-07-10 18:00:35,308 [WARN] PackLoader:240 - Cannot read IP mode file for STMicroelectronics.X-CUBE-EEPRMA1.5.2.0
2026-07-10 18:00:35,312 [WARN] PackLoader:240 - Cannot read IP mode file for STMicroelectronics.FP-SNS-STAIOTCFT.1.1.0
2026-07-10 18:00:35,322 [WARN] PackLoader:240 - Cannot read IP mode file for STMicroelectronics.X-CUBE-AZRTOS-G0.1.1.0
2026-07-10 18:00:35,327 [WARN] PackLoader:240 - Cannot read IP mode file for STMicroelectronics.X-CUBE-NFC4.3.0.0
2026-07-10 18:00:35,331 [WARN] PackLoader:240 - Cannot read IP mode file for EmbeddedOffice.I-CUBE-FS-RTOS.1.0.1
2026-07-10 18:00:35,333 [WARN] PackLoader:240 - Cannot read IP mode file for wolfSSL.I-CUBE-wolfTPM.3.8.0
2026-07-10 18:00:35,336 [WARN] PackLoader:240 - Cannot read IP mode file for STMicroelectronics.X-CUBE-TCPP.4.2.0
2026-07-10 18:00:35,339 [WARN] PackLoader:240 - Cannot read IP mode file for RealThread.X-CUBE-RT-Thread_Nano.4.1.1
2026-07-10 18:00:35,341 [WARN] PackLoader:240 - Cannot read IP mode file for STMicroelectronics.FP-ATR-SIGFOX1.3.2.0
2026-07-10 18:00:35,344 [WARN] PackLoader:240 - Cannot read IP mode file for ITTIA_DB.I-CUBE-ITTIADB.8.9.0
2026-07-10 18:00:35,346 [WARN] PackLoader:240 - Cannot read IP mode file for Cesanta.I-CUBE-Mongoose.7.21.7
2026-07-10 18:00:35,349 [WARN] PackLoader:240 - Cannot read IP mode file for STMicroelectronics.X-CUBE-NFC6.3.2.0
2026-07-10 18:00:35,353 [WARN] PackLoader:240 - Cannot read IP mode file for STMicroelectronics.X-CUBE-AI.10.2.1
2026-07-10 18:00:35,391 [WARN] PackLoader:240 - Cannot read IP mode file for STMicroelectronics.X-CUBE-MEMS1.12.1.0
2026-07-10 18:00:35,519 [WARN] PackLoader:240 - Cannot read IP mode file for SEGGER.I-CUBE-embOS.1.3.1
2026-07-10 18:00:35,553 [WARN] PackLoader:240 - Cannot read IP mode file for STMicroelectronics.X-CUBE-NFC13.1.0.0
2026-07-10 18:00:35,556 [WARN] PackLoader:240 - Cannot read IP mode file for STMicroelectronics.X-CUBE-PM33A1.1.0.0
2026-07-10 18:00:35,564 [WARN] PackLoader:240 - Cannot read IP mode file for STMicroelectronics.X-CUBE-AZRTOS-F4.1.1.0
2026-07-10 18:00:35,568 [WARN] PackLoader:240 - Cannot read IP mode file for STMicroelectronics.X-CUBE-ISPU.2.1.0
2026-07-10 18:00:35,575 [WARN] PackLoader:240 - Cannot read IP mode file for STMicroelectronics.X-CUBE-IPS.3.2.0
2026-07-10 18:00:35,581 [WARN] PackLoader:240 - Cannot read IP mode file for STMicroelectronics.eDS-WB_DPC_TT-BIDIR.2.1.1
2026-07-10 18:00:35,584 [WARN] PackLoader:240 - Cannot read IP mode file for STMicroelectronics.X-CUBE-NFC12.1.0.0
2026-07-10 18:00:35,593 [WARN] PackLoader:240 - Cannot read IP mode file for STMicroelectronics.X-CUBE-AZRTOS-L5.2.0.0
2026-07-10 18:00:35,597 [WARN] PackLoader:240 - Cannot read IP mode file for STMicroelectronics.X-CUBE-ALGOBUILD.1.5.0
2026-07-10 18:00:35,598 [WARN] PackLoader:240 - Cannot read IP mode file for STMicroelectronics.eDS-WB_DPC_VIENNA.1.2.0
2026-07-10 18:00:35,600 [WARN] PackLoader:240 - Cannot read IP mode file for STMicroelectronics.eDS-WB_DPC_3PH2L-BIDIR.1.1.1
2026-07-10 18:00:35,601 [ERROR] Engine:466 - /home/anton/.stm32cubemx/thirdparties/pdsc/STMicroelectronics.X-CUBE-ST67W61.1.3.0.pdsc: PDSC version is not supported
2026-07-10 18:00:35,604 [WARN] PackLoader:240 - Cannot read IP mode file for STMicroelectronics.X-CUBE-TOUCHGFX.4.26.1
2026-07-10 18:00:35,606 [WARN] PackLoader:240 - Cannot read IP mode file for STMicroelectronics.X-CUBE-DPower.1.3.0
2026-07-10 18:00:35,614 [WARN] ConditionMgr:438 - getConditionDescription Invalid condition id : LAN8742 Phy interface Condition cause : null
2026-07-10 18:00:35,614 [WARN] PackLoader:240 - Cannot read IP mode file for STMicroelectronics.X-CUBE-AZRTOS-L4.2.0.0
2026-07-10 18:00:35,615 [WARN] ConditionMgr:1044 - genDependencies : Invalid condition id : LAN8742 Phy interface Condition cause : null
2026-07-10 18:00:35,615 [WARN] ConditionMgr:1044 - genDependencies : Invalid condition id : LAN8742 Phy interface Condition cause : null
2026-07-10 18:00:35,615 [WARN] ConditionMgr:1044 - genDependencies : Invalid condition id : LAN8742 Phy interface Condition cause : null
2026-07-10 18:00:35,620 [WARN] PackLoader:240 - Cannot read IP mode file for STMicroelectronics.X-CUBE-SFXS2LP1.4.0.0
2026-07-10 18:00:35,623 [WARN] PackLoader:240 - Cannot read IP mode file for STMicroelectronics.X-CUBE-WB05N.2.1.0
2026-07-10 18:00:35,628 [WARN] ConditionMgr:438 - getConditionDescription Invalid condition id : UX DEVICE CLASS RTOS Condition cause : null
2026-07-10 18:00:35,628 [WARN] ConditionMgr:438 - getConditionDescription Invalid condition id : UX DEVICE CLASS RTOS Condition cause : null
2026-07-10 18:00:35,629 [WARN] PackLoader:240 - Cannot read IP mode file for STMicroelectronics.X-CUBE-AZRTOS-WB.2.0.0
2026-07-10 18:00:35,630 [WARN] ConditionMgr:1044 - genDependencies : Invalid condition id : UX DEVICE CLASS RTOS Condition cause : null
2026-07-10 18:00:35,630 [WARN] ConditionMgr:1044 - genDependencies : Invalid condition id : UX DEVICE CLASS RTOS Condition cause : null
2026-07-10 18:00:35,630 [WARN] ConditionMgr:1044 - genDependencies : Invalid condition id : UX DEVICE CLASS RTOS Condition cause : null
2026-07-10 18:00:35,630 [WARN] ConditionMgr:1044 - genDependencies : Invalid condition id : UX DEVICE CLASS RTOS Condition cause : null
2026-07-10 18:00:35,630 [WARN] ConditionMgr:1044 - genDependencies : Invalid condition id : UX DEVICE CLASS RTOS Condition cause : null
2026-07-10 18:00:35,632 [WARN] ConditionMgr:438 - getConditionDescription Invalid condition id : Cortex-A Device cause : null
2026-07-10 18:00:35,637 [WARN] ConditionMgr:1044 - genDependencies : Invalid condition id : Cortex-A Device cause : null
2026-07-10 18:00:35,637 [WARN] ConditionMgr:1044 - genDependencies : Invalid condition id : Cortex-A Device cause : null
2026-07-10 18:00:35,637 [WARN] ConditionMgr:1044 - genDependencies : Invalid condition id : Cortex-A Device cause : null
2026-07-10 18:00:35,641 [WARN] PackLoader:240 - Cannot read IP mode file for STMicroelectronics.X-CUBE-STSE01.2.0.0
2026-07-10 18:00:35,646 [WARN] PackLoader:240 - Cannot read IP mode file for STMicroelectronics.X-CUBE-SUBG2.5.0.0
2026-07-10 18:00:35,655 [WARN] PackLoader:240 - Cannot read IP mode file for STMicroelectronics.X-CUBE-AZRTOS-G4.2.0.0
2026-07-10 18:00:35,657 [WARN] PackLoader:240 - Cannot read IP mode file for wolfSSL.I-CUBE-wolfSSH.1.4.20
2026-07-10 18:00:35,659 [WARN] PackLoader:240 - Cannot read IP mode file for STMicroelectronics.X-CUBE-NFC7.2.0.0
2026-07-10 18:00:35,661 [ERROR] Engine:466 - /home/anton/.stm32cubemx/thirdparties/pdsc/STMicroelectronics.X-CUBE-BLEMGR.4.2.0.pdsc: PDSC version is not supported
2026-07-10 18:00:35,662 [WARN] PackLoader:240 - Cannot read IP mode file for STMicroelectronics.X-CUBE-ALS.1.0.2
2026-07-10 18:00:35,667 [WARN] PackLoader:240 - Cannot read IP mode file for STMicroelectronics.X-CUBE-TOF1.3.4.3
2026-07-10 18:00:35,673 [INFO] ThirdParty:978 - Integrity check success = true
2026-07-10 18:00:35,673 [INFO] IntegrityCheckThread:100 - exiting critical section [integrity check]
2026-07-10 18:00:35,673 [INFO] IntegrityCheckThread:103 - End integrity checks thread
2026-07-10 18:02:51,031 [INFO] MainUpdater:2872 - connection check result : 10
2026-07-10 18:02:51,032 [INFO] WebApp:463 - Apply proxy settings
2026-07-10 18:02:51,032 [INFO] WebApp:548 - Chromium requires no authentication
2026-07-10 18:02:51,032 [INFO] WebApp:491 - Direct internet connection detected
2026-07-10 18:02:51,033 [INFO] WebApp:463 - Apply proxy settings
2026-07-10 18:02:51,033 [INFO] WebApp:548 - Chromium requires no authentication
2026-07-10 18:02:51,035 [INFO] WebApp:491 - Direct internet connection detected
2026-07-10 18:02:51,035 [INFO] WebApp:385 - Starting web application
2026-07-10 18:02:51,035 [INFO] WebApp:593 - Web application path used /opt/st/stm32cubeide_1.19.0/plugins/com.st.stm32cube.common.mx_6.15.0.202507011659/db/plugins/mcufinder/reactClient1/index.html
2026-07-10 18:02:51,057 [INFO] UserAuth:487 - Internet connection configuration mode: 1
2026-07-10 18:03:20,394 [INFO] MainUpdater:2872 - connection check result : 10
2026-07-10 18:03:20,395 [INFO] WebApp:463 - Apply proxy settings
2026-07-10 18:03:20,395 [INFO] WebApp:548 - Chromium requires no authentication
2026-07-10 18:03:20,395 [INFO] WebApp:491 - Direct internet connection detected
2026-07-10 18:03:20,395 [INFO] WebApp:463 - Apply proxy settings
2026-07-10 18:03:20,396 [INFO] WebApp:548 - Chromium requires no authentication
2026-07-10 18:03:20,397 [INFO] WebApp:491 - Direct internet connection detected
2026-07-10 18:03:20,397 [INFO] WebApp:385 - Starting web application
2026-07-10 18:03:20,397 [INFO] WebApp:593 - Web application path used /opt/st/stm32cubeide_1.19.0/plugins/com.st.stm32cube.common.mx_6.15.0.202507011659/db/plugins/mcufinder/reactClient1/index.html
2026-07-10 18:03:20,416 [INFO] UserAuth:487 - Internet connection configuration mode: 1
2026-07-10 18:07:08,605 [INFO] MainUpdater:2872 - connection check result : 10
2026-07-10 18:07:09,351 [INFO] CheckServerUpdateThread:120 - End of CheckServer Thread
